// Jest Snapshot v1, https://goo.gl/fbAQLP

exports[`Container renders correctly 1`] = `
<div
  className="container"
>
  <p>
    CONTAINER: 
    <strong />
  </p>
</div>
`;
