// Jest Snapshot v1, https://goo.gl/fbAQLP

exports[`Component renders properly with valid props 1`] = `
<a
  className="button"
  href="/"
>
  Hello World
</a>
`;

exports[`Container does not cause errors without props 1`] = `
<div
  className="container"
>
  <div
    className="content"
  />
</div>
`;

exports[`Container renders with one component 1`] = `
<div
  className="container"
>
  <div
    className="content"
  />
</div>
`;
