// Jest Snapshot v1, https://goo.gl/fbAQLP

exports[`ExternalLink renders correctly 1`] = `
<a
  className=""
  href="/"
  onClick={null}
  rel=""
>
  Hello World
</a>
`;
