// Jest Snapshot v1, https://goo.gl/fbAQLP

exports[`Form Component renders correctly 1`] = `
<form
  action="/"
  className="form"
  data-netlify={false}
  name="Contact Form"
  onSubmit={[Function]}
>
  <p>
    Current Form State: 
    null
  </p>
  <input
    name="form-name"
    type="hidden"
    value="Contact Form"
  />
  <div
    className="form_field_group"
  >
    <h2>
      Personal Info
    </h2>
    <div
      className="form_field width_half solo"
    >
      <label
        className="form_label"
      >
        First Name
        <abbr>
          *
        </abbr>
      </label>
      <input
        name="name"
        onChange={[Function]}
        placeholder=""
        required={true}
        type="text"
      />
    </div>
    <div
      className="form_field width_half"
    >
      <label
        className="form_label"
      >
        Email
        <abbr>
          *
        </abbr>
      </label>
      <input
        name="email"
        onChange={[Function]}
        placeholder=""
        required={true}
        type="email"
      />
    </div>
    <div
      className="form_field width_half"
    >
      <label
        className="form_label"
      >
        Phone
        <abbr>
          *
        </abbr>
      </label>
      <input
        name="phone"
        onChange={[Function]}
        placeholder="(xxx) xxx-xxxx"
        required={true}
        type="tel"
      />
    </div>
    <div
      className="form_field width_full"
    >
      <label
        className="form_label"
      >
        Gender
        <abbr>
          *
        </abbr>
      </label>
      <div
        className="radio_buttons"
      >
        <div
          className="radio_button"
        >
          <input
            className="radio"
            id="gender-female"
            name="gender"
            onChange={[Function]}
            type="radio"
            value="Female"
          />
          <label
            htmlFor="gender-female"
          >
            Female
          </label>
          <div
            className="circle"
          />
        </div>
        <div
          className="radio_button"
        >
          <input
            className="radio"
            id="gender-male"
            name="gender"
            onChange={[Function]}
            type="radio"
            value="Male"
          />
          <label
            htmlFor="gender-male"
          >
            Male
          </label>
          <div
            className="circle"
          />
        </div>
      </div>
    </div>
  </div>
  <div
    className="form_field_group"
  >
    <h2>
      Address
    </h2>
    <div
      className="form_field width_half"
    >
      <label
        className="form_label"
      >
        Street Address
      </label>
      <input
        name="street_address"
        onChange={[Function]}
        placeholder=""
        required={false}
        type="text"
      />
    </div>
    <div
      className="form_field width_half"
    >
      <label
        className="form_label"
      >
        Suite / Apt.
      </label>
      <input
        name="suite_apt"
        onChange={[Function]}
        placeholder=""
        required={false}
        type="text"
      />
    </div>
    <div
      className="form_field width_half"
    >
      <label
        className="form_label"
      >
        City
      </label>
      <input
        name="city"
        onChange={[Function]}
        placeholder=""
        required={false}
        type="text"
      />
    </div>
    <div
      className="form_field width_quarter"
    >
      <label
        className="form_label"
      >
        State
      </label>
      <select
        defaultValue=""
        name="state"
        onBlur={[Function]}
        onChange={[Function]}
        required={false}
      >
        <option
          value=""
        />
        <option
          value="Alabama"
        >
          Alabama
        </option>
        <option
          value="Alaska"
        >
          Alaska
        </option>
        <option
          value="Arizona"
        >
          Arizona
        </option>
        <option
          value="Arkansas"
        >
          Arkansas
        </option>
        <option
          value="California"
        >
          California
        </option>
        <option
          value="Colorado"
        >
          Colorado
        </option>
        <option
          value="Connecticut"
        >
          Connecticut
        </option>
        <option
          value="Delaware"
        >
          Delaware
        </option>
        <option
          value="District Of Columbia"
        >
          District Of Columbia
        </option>
        <option
          value="Florida"
        >
          Florida
        </option>
        <option
          value="Georgia"
        >
          Georgia
        </option>
        <option
          value="Hawaii"
        >
          Hawaii
        </option>
        <option
          value="Idaho"
        >
          Idaho
        </option>
        <option
          value="Illinois"
        >
          Illinois
        </option>
        <option
          value="Indiana"
        >
          Indiana
        </option>
        <option
          value="Iowa"
        >
          Iowa
        </option>
        <option
          value="Kansas"
        >
          Kansas
        </option>
        <option
          value="Kentucky"
        >
          Kentucky
        </option>
        <option
          value="Louisiana"
        >
          Louisiana
        </option>
        <option
          value="Maine"
        >
          Maine
        </option>
        <option
          value="Maryland"
        >
          Maryland
        </option>
        <option
          value="Massachusetts"
        >
          Massachusetts
        </option>
        <option
          value="Michigan"
        >
          Michigan
        </option>
        <option
          value="Minnesota"
        >
          Minnesota
        </option>
        <option
          value="Mississippi"
        >
          Mississippi
        </option>
        <option
          value="Missouri"
        >
          Missouri
        </option>
        <option
          value="Montana"
        >
          Montana
        </option>
        <option
          value="Nebraska"
        >
          Nebraska
        </option>
        <option
          value="Nevada"
        >
          Nevada
        </option>
        <option
          value="New Hampshire"
        >
          New Hampshire
        </option>
        <option
          value="New Jersey"
        >
          New Jersey
        </option>
        <option
          value="New Mexico"
        >
          New Mexico
        </option>
        <option
          value="New York"
        >
          New York
        </option>
        <option
          value="North Carolina"
        >
          North Carolina
        </option>
        <option
          value="North Dakota"
        >
          North Dakota
        </option>
        <option
          value="Ohio"
        >
          Ohio
        </option>
        <option
          value="Oklahoma"
        >
          Oklahoma
        </option>
        <option
          value="Oregon"
        >
          Oregon
        </option>
        <option
          value="Pennsylvania"
        >
          Pennsylvania
        </option>
        <option
          value="Rhode Island"
        >
          Rhode Island
        </option>
        <option
          value="South Carolina"
        >
          South Carolina
        </option>
        <option
          value="South Dakota"
        >
          South Dakota
        </option>
        <option
          value="Tennessee"
        >
          Tennessee
        </option>
        <option
          value="Texas"
        >
          Texas
        </option>
        <option
          value="Utah"
        >
          Utah
        </option>
        <option
          value="Vermont"
        >
          Vermont
        </option>
        <option
          value="Virginia"
        >
          Virginia
        </option>
        <option
          value="Washington"
        >
          Washington
        </option>
        <option
          value="West Virginia"
        >
          West Virginia
        </option>
        <option
          value="Wisconsin"
        >
          Wisconsin
        </option>
        <option
          value="Wyoming"
        >
          Wyoming
        </option>
      </select>
    </div>
    <div
      className="form_field width_quarter"
    >
      <label
        className="form_label"
      >
        Zip Code
      </label>
      <input
        name="zip"
        onChange={[Function]}
        placeholder=""
        required={false}
        type="text"
      />
    </div>
  </div>
  <div
    className="form_field_group"
  >
    <h2>
      Message
    </h2>
    <div
      className="form_field width_full"
    >
      <label
        className="form_label"
      >
        Message
        <abbr>
          *
        </abbr>
      </label>
      <textarea
        name="message"
        onChange={[Function]}
        placeholder=""
        required={true}
        type="text"
      />
    </div>
  </div>
  <input
    type="submit"
    value="Submit"
  />
</form>
`;
