// Jest Snapshot v1, https://goo.gl/fbAQLP

exports[`SVG renders correctly 1`] = `
<svg
  height={19}
  viewBox="0 0 448 512"
  width={24}
>
  <path
    d="M442 114H6a6 6 0 01-6-6V84a6 6 0 016-6h436a6 6 0 016 6v24a6 6 0 01-6 6zm0 160H6a6 6 0 01-6-6v-24a6 6 0 016-6h436a6 6 0 016 6v24a6 6 0 01-6 6zm0 160H6a6 6 0 01-6-6v-24a6 6 0 016-6h436a6 6 0 016 6v24a6 6 0 01-6 6z"
  />
</svg>
`;
