// Jest Snapshot v1, https://goo.gl/fbAQLP

exports[`Column does not cause errors without props 1`] = `
<div
  className="column"
/>
`;

exports[`Column renders sub-components 1`] = `
<div
  className="column"
>
  <a
    className="button theme_default"
    href="/"
  >
    Hello World
  </a>
</div>
`;
