// Jest Snapshot v1, https://goo.gl/fbAQLP

exports[`Heading renders correctly 1`] = `
<h1
  className="heading_level_h1"
  dangerouslySetInnerHTML={
    Object {
      "__html": "Lorem ipsum dolor sit amet",
    }
  }
/>
`;
