// Jest Snapshot v1, https://goo.gl/fbAQLP

exports[`Frame renders correctly 1`] = `
<div
  className="frame_container"
>
  <iframe
    src="/"
    title="FPO Frame"
  />
</div>
`;
